0
1000
2000
3000
4000
5000
6000
7000
8000
9000
10000
11000
12000
13000
14000
15000
16000
17000
18000
19000
20000
21000
22000
23000
24000
25000
26000
27000
28000
29000
30000
31000
[GC (Allocation Failure)  65536K->56587K(251392K), 0.0390623 secs]
32000
33000
34000
35000
36000
37000
38000
39000
40000
41000
42000
43000
44000
45000
46000
47000
48000
49000
50000
51000
52000
53000
54000
55000
56000
57000
58000
59000
60000
61000
62000
63000
64000
65000
[GC (Allocation Failure)  122123K->117909K(316928K), 0.0560934 secs]
66000
67000
68000
69000
70000
71000
72000
73000
74000
75000
76000
77000
78000
79000
80000
81000
82000
83000
84000
85000
86000
87000
88000
89000
90000
91000
92000
93000
94000
95000
96000
97000
98000
99000
Serialize
S:1000
S:2000
S:3000
S:4000
S:5000
S:6000
S:7000
S:8000
[GC (Allocation Failure)  248981K->193823K(327168K), 0.0661390 secs]
[Full GC (Ergonomics)  193823K->192552K(491520K), 1.6670574 secs]
S:9000
S:10000
S:11000
S:12000
S:13000
S:14000
S:15000
S:16000
S:17000
S:18000
S:19000
S:20000
S:21000
S:22000
S:23000
S:24000
S:25000
S:26000
[GC (Allocation Failure)  319330K->218243K(513536K), 0.0447749 secs]
S:27000
S:28000
S:29000
S:30000
S:31000
S:32000
S:33000
S:34000
S:35000
S:36000
S:37000
S:38000
S:39000
S:40000
S:41000
S:42000
S:43000
S:44000
S:45000
S:46000
S:47000
[GC (Allocation Failure)  371331K->258019K(513536K), 0.0382105 secs]
S:48000
S:49000
S:50000
S:51000
S:52000
S:53000
S:54000
S:55000
S:56000
S:57000
S:58000
S:59000
S:60000
S:61000
S:62000
S:63000
S:64000
S:65000
[GC (Allocation Failure)  411107K->320451K(419328K), 0.0576362 secs]
[Full GC (Ergonomics)  320451K->291277K(419328K), 0.6525627 secs]
S:66000
S:67000
S:68000
S:69000
S:70000
S:71000
S:72000
S:73000
S:74000
S:75000
[Full GC (Ergonomics)  350157K->300690K(419328K), 0.5293761 secs]
S:76000
S:77000
S:78000
S:79000
S:80000
S:81000
S:82000
S:83000
[Full GC (Ergonomics)  359570K->313935K(419328K), 0.4105786 secs]
S:84000
S:85000
S:86000
S:87000
S:88000
S:89000
S:90000
S:91000
S:92000
S:93000
[Full GC (Ergonomics)  372815K->323349K(419328K), 0.4850307 secs]
S:94000
S:95000
S:96000
S:97000
S:98000
S:99000
S:100000
53700822